{"ts": "2026-08-21T14:45:57.117145+00:00", "source": "mission_control_server", "event": "http_request", "method": "GET", "path": "/api/payload", "duration_ms": 12.67, "payload_keys": ["title", "subtitle", "stages", "tools", "dataset", "models", "uplift", "simulation", "recommendation", "report", "avanzado", "multirol"]}
{"ts": "2026-08-21T14:45:57.120040+00:00", "source": "mission_control_server", "event": "http_request", "method": "GET", "path": "/api/montecarlo-status", "duration_ms": 4.49, "running": false, "preparing": false, "progress_pct": 0.0, "payload_present": false, "leader": null}
{"ts": "2026-08-21T14:45:57.251319+00:00", "source": "mission_control_server", "event": "http_request", "method": "GET", "path": "/api/payload", "duration_ms": 1.16, "payload_keys": ["title", "subtitle", "stages", "tools", "dataset", "models", "uplift", "simulation", "recommendation", "report", "avanzado", "multirol"]}
{"ts": "2026-08-21T14:45:57.251357+00:00", "source": "mission_control_server", "event": "http_request", "method": "GET", "path": "/api/montecarlo-status", "duration_ms": 0.2, "running": false, "preparing": false, "progress_pct": 0.0, "payload_present": false, "leader": null}
{"ts": "2026-08-21T15:07:32.809324+00:00", "source": "mission_control_server", "event": "http_request", "method": "GET", "path": "/api/payload", "duration_ms": 3.53, "payload_keys": ["title", "subtitle", "stages", "tools", "dataset", "models", "uplift", "simulation", "recommendation", "report", "avanzado", "multirol"]}
{"ts": "2026-08-21T15:07:32.810365+00:00", "source": "mission_control_server", "event": "http_request", "method": "GET", "path": "/api/montecarlo-status", "duration_ms": 2.61, "running": false, "preparing": false, "progress_pct": 0.0, "payload_present": false, "leader": null}
{"ts": "2026-08-21T15:07:32.843326+00:00", "source": "mission_control_server", "event": "http_request", "method": "GET", "path": "/api/payload", "duration_ms": 1.63, "payload_keys": ["title", "subtitle", "stages", "tools", "dataset", "models", "uplift", "simulation", "recommendation", "report", "avanzado", "multirol"]}
{"ts": "2026-08-21T15:07:32.844419+00:00", "source": "mission_control_server", "event": "http_request", "method": "GET", "path": "/api/montecarlo-status", "duration_ms": 1.15, "running": false, "preparing": false, "progress_pct": 0.0, "payload_present": false, "leader": null}
{"ts": "2026-08-21T15:07:33.731436+00:00", "source": "mission_control_server", "event": "http_request", "method": "GET", "path": "/api/payload", "duration_ms": 5.07, "payload_keys": ["title", "subtitle", "stages", "tools", "dataset", "models", "uplift", "simulation", "recommendation", "report", "avanzado", "multirol"]}
{"ts": "2026-08-21T15:07:33.737638+00:00", "source": "mission_control_server", "event": "http_request", "method": "GET", "path": "/api/montecarlo-status", "duration_ms": 0.25, "running": false, "preparing": false, "progress_pct": 0.0, "payload_present": false, "leader": null}
{"ts": "2026-08-21T15:07:33.761303+00:00", "source": "mission_control_server", "event": "http_request", "method": "GET", "path": "/api/payload", "duration_ms": 1.7, "payload_keys": ["title", "subtitle", "stages", "tools", "dataset", "models", "uplift", "simulation", "recommendation", "report", "avanzado", "multirol"]}
{"ts": "2026-08-21T15:07:33.763079+00:00", "source": "mission_control_server", "event": "http_request", "method": "GET", "path": "/api/montecarlo-status", "duration_ms": 1.96, "running": false, "preparing": false, "progress_pct": 0.0, "payload_present": false, "leader": null}
{"ts": "2026-08-21T15:07:34.304493+00:00", "source": "mission_control_server", "event": "http_request", "method": "GET", "path": "/api/payload", "duration_ms": 3.25, "payload_keys": ["title", "subtitle", "stages", "tools", "dataset", "models", "uplift", "simulation", "recommendation", "report", "avanzado", "multirol"]}
{"ts": "2026-08-21T15:07:34.306584+00:00", "source": "mission_control_server", "event": "http_request", "method": "GET", "path": "/api/montecarlo-status", "duration_ms": 1.0, "running": false, "preparing": false, "progress_pct": 0.0, "payload_present": false, "leader": null}
{"ts": "2026-08-21T15:07:34.351279+00:00", "source": "mission_control_server", "event": "http_request", "method": "GET", "path": "/api/payload", "duration_ms": 1.3, "payload_keys": ["title", "subtitle", "stages", "tools", "dataset", "models", "uplift", "simulation", "recommendation", "report", "avanzado", "multirol"]}
{"ts": "2026-08-21T15:07:34.353278+00:00", "source": "mission_control_server", "event": "http_request", "method": "GET", "path": "/api/montecarlo-status", "duration_ms": 0.93, "running": false, "preparing": false, "progress_pct": 0.0, "payload_present": false, "leader": null}
{"ts": "2026-08-21T15:07:34.643857+00:00", "source": "mission_control_server", "event": "http_request", "method": "GET", "path": "/api/payload", "duration_ms": 0.62, "payload_keys": ["title", "subtitle", "stages", "tools", "dataset", "models", "uplift", "simulation", "recommendation", "report", "avanzado", "multirol"]}
{"ts": "2026-08-21T15:07:34.644697+00:00", "source": "mission_control_server", "event": "http_request", "method": "GET", "path": "/api/montecarlo-status", "duration_ms": 0.81, "running": false, "preparing": false, "progress_pct": 0.0, "payload_present": false, "leader": null}
{"ts": "2026-08-21T15:07:34.667926+00:00", "source": "mission_control_server", "event": "http_request", "method": "GET", "path": "/api/payload", "duration_ms": 0.49, "payload_keys": ["title", "subtitle", "stages", "tools", "dataset", "models", "uplift", "simulation", "recommendation", "report", "avanzado", "multirol"]}
{"ts": "2026-08-21T15:07:34.668763+00:00", "source": "mission_control_server", "event": "http_request", "method": "GET", "path": "/api/montecarlo-status", "duration_ms": 0.84, "running": false, "preparing": false, "progress_pct": 0.0, "payload_present": false, "leader": null}
{"ts": "2026-08-21T15:07:59.401869+00:00", "source": "mission_control_server", "event": "live_status_written", "current_simulation": 0, "total_simulations": 10000, "progress_pct": 0.0, "phase": "preparing", "status_message": "Esperando lanzamiento."}
{"ts": "2026-08-21T15:07:59.404666+00:00", "source": "mission_control_server", "event": "montecarlo_reset"}
{"ts": "2026-08-21T15:07:59.405208+00:00", "source": "mission_control_server", "event": "http_request", "method": "POST", "path": "/api/montecarlo-reset", "duration_ms": 6.36}
{"ts": "2026-08-21T15:07:59.430145+00:00", "source": "mission_control_server", "event": "prepare_skipped", "ready": true, "preparing": false, "launch_requested": false}
{"ts": "2026-08-21T15:07:59.431060+00:00", "source": "mission_control_server", "event": "live_status_written", "current_simulation": 0, "total_simulations": 10000, "progress_pct": 0.0, "phase": "preparing", "status_message": "Lanzando simulacion Monte Carlo."}
{"ts": "2026-08-21T15:07:59.431513+00:00", "source": "mission_control_server", "event": "worker_started", "total_simulations": 10000}
{"ts": "2026-08-21T15:07:59.431649+00:00", "source": "mission_control_server", "event": "montecarlo_launch", "status": "running", "already_running": false}
{"ts": "2026-08-21T15:07:59.494757+00:00", "source": "mission_control_server", "event": "http_request", "method": "POST", "path": "/api/stage", "duration_ms": 51.27, "stage": "montecarlo", "stage_status": "running", "payload_present": false}
{"ts": "2026-08-21T15:07:59.518138+00:00", "source": "simulacion_montecarlo", "event": "live_dashboard_written", "current_simulation": 0, "total_simulations": 10000, "progress_pct": 0.0, "is_running": true, "leader": null, "output_path": "dashboard_live_montecarlo.html", "status_script_path": "estado_live_montecarlo.js"}
{"ts": "2026-08-21T15:07:59.783376+00:00", "source": "mission_control_server", "event": "http_request", "method": "GET", "path": "/api/montecarlo-status", "duration_ms": 0.33, "running": true, "preparing": false, "progress_pct": 0.0, "payload_present": false, "leader": null}
{"ts": "2026-08-21T15:08:00.183350+00:00", "source": "mission_control_server", "event": "http_request", "method": "GET", "path": "/api/montecarlo-status", "duration_ms": 0.38, "running": true, "preparing": false, "progress_pct": 2.0, "payload_present": false, "leader": "Ventana conservadora"}
{"ts": "2026-08-21T15:08:00.585613+00:00", "source": "mission_control_server", "event": "http_request", "method": "GET", "path": "/api/montecarlo-status", "duration_ms": 1.21, "running": true, "preparing": false, "progress_pct": 2.8, "payload_present": false, "leader": "Ventana conservadora"}
{"ts": "2026-08-21T15:08:00.988095+00:00", "source": "mission_control_server", "event": "http_request", "method": "GET", "path": "/api/montecarlo-status", "duration_ms": 1.05, "running": true, "preparing": false, "progress_pct": 3.6, "payload_present": false, "leader": "Ventana conservadora"}
{"ts": "2026-08-21T15:08:01.385077+00:00", "source": "mission_control_server", "event": "http_request", "method": "GET", "path": "/api/montecarlo-status", "duration_ms": 0.68, "running": true, "preparing": false, "progress_pct": 4.8, "payload_present": false, "leader": "Ventana conservadora"}
{"ts": "2026-08-21T15:08:01.784494+00:00", "source": "mission_control_server", "event": "http_request", "method": "GET", "path": "/api/montecarlo-status", "duration_ms": 0.73, "running": true, "preparing": false, "progress_pct": 5.6, "payload_present": false, "leader": "Ventana conservadora"}
{"ts": "2026-08-21T15:08:02.184308+00:00", "source": "mission_control_server", "event": "http_request", "method": "GET", "path": "/api/montecarlo-status", "duration_ms": 0.83, "running": true, "preparing": false, "progress_pct": 6.8, "payload_present": false, "leader": "Ventana conservadora"}
{"ts": "2026-08-21T15:08:02.586769+00:00", "source": "mission_control_server", "event": "http_request", "method": "GET", "path": "/api/montecarlo-status", "duration_ms": 4.25, "running": true, "preparing": false, "progress_pct": 7.6, "payload_present": false, "leader": "Ventana conservadora"}
{"ts": "2026-08-21T15:08:02.984939+00:00", "source": "mission_control_server", "event": "http_request", "method": "GET", "path": "/api/montecarlo-status", "duration_ms": 0.33, "running": true, "preparing": false, "progress_pct": 8.8, "payload_present": false, "leader": "Ventana conservadora"}
{"ts": "2026-08-21T15:08:03.384426+00:00", "source": "mission_control_server", "event": "http_request", "method": "GET", "path": "/api/montecarlo-status", "duration_ms": 1.58, "running": true, "preparing": false, "progress_pct": 9.6, "payload_present": false, "leader": "Ventana conservadora"}
{"ts": "2026-08-21T15:08:03.396280+00:00", "source": "simulacion_montecarlo", "event": "live_dashboard_written", "current_simulation": 1000, "total_simulations": 10000, "progress_pct": 10.0, "is_running": true, "leader": "Ventana conservadora", "output_path": "dashboard_live_montecarlo.html", "status_script_path": "estado_live_montecarlo.js"}
{"ts": "2026-08-21T15:08:03.782157+00:00", "source": "mission_control_server", "event": "http_request", "method": "GET", "path": "/api/montecarlo-status", "duration_ms": 0.33, "running": true, "preparing": false, "progress_pct": 10.8, "payload_present": false, "leader": "Ventana conservadora"}
{"ts": "2026-08-21T15:08:04.183812+00:00", "source": "mission_control_server", "event": "http_request", "method": "GET", "path": "/api/montecarlo-status", "duration_ms": 2.23, "running": true, "preparing": false, "progress_pct": 11.6, "payload_present": false, "leader": "Ventana conservadora"}
{"ts": "2026-08-21T15:08:04.582208+00:00", "source": "mission_control_server", "event": "http_request", "method": "GET", "path": "/api/montecarlo-status", "duration_ms": 0.77, "running": true, "preparing": false, "progress_pct": 12.8, "payload_present": false, "leader": "Ventana conservadora"}
{"ts": "2026-08-21T15:08:04.982861+00:00", "source": "mission_control_server", "event": "http_request", "method": "GET", "path": "/api/montecarlo-status", "duration_ms": 0.67, "running": true, "preparing": false, "progress_pct": 13.6, "payload_present": false, "leader": "Ventana conservadora"}
{"ts": "2026-08-21T15:08:05.380999+00:00", "source": "mission_control_server", "event": "http_request", "method": "GET", "path": "/api/montecarlo-status", "duration_ms": 0.32, "running": true, "preparing": false, "progress_pct": 14.8, "payload_present": false, "leader": "Ventana conservadora"}
{"ts": "2026-08-21T15:08:05.784658+00:00", "source": "mission_control_server", "event": "http_request", "method": "GET", "path": "/api/montecarlo-status", "duration_ms": 0.36, "running": true, "preparing": false, "progress_pct": 16.0, "payload_present": false, "leader": "Ventana conservadora"}
{"ts": "2026-08-21T15:08:06.182326+00:00", "source": "mission_control_server", "event": "http_request", "method": "GET", "path": "/api/montecarlo-status", "duration_ms": 0.29, "running": true, "preparing": false, "progress_pct": 16.8, "payload_present": false, "leader": "Ventana conservadora"}
{"ts": "2026-08-21T15:08:06.583076+00:00", "source": "mission_control_server", "event": "http_request", "method": "GET", "path": "/api/montecarlo-status", "duration_ms": 1.43, "running": true, "preparing": false, "progress_pct": 17.6, "payload_present": false, "leader": "Ventana conservadora"}
{"ts": "2026-08-21T15:08:06.981477+00:00", "source": "mission_control_server", "event": "http_request", "method": "GET", "path": "/api/montecarlo-status", "duration_ms": 0.38, "running": true, "preparing": false, "progress_pct": 18.8, "payload_present": false, "leader": "Ventana conservadora"}
{"ts": "2026-08-21T15:08:07.386308+00:00", "source": "mission_control_server", "event": "http_request", "method": "GET", "path": "/api/montecarlo-status", "duration_ms": 0.8, "running": true, "preparing": false, "progress_pct": 19.6, "payload_present": false, "leader": "Ventana conservadora"}
{"ts": "2026-08-21T15:08:07.389765+00:00", "source": "simulacion_montecarlo", "event": "live_dashboard_written", "current_simulation": 2000, "total_simulations": 10000, "progress_pct": 20.0, "is_running": true, "leader": "Ventana conservadora", "output_path": "dashboard_live_montecarlo.html", "status_script_path": "estado_live_montecarlo.js"}
{"ts": "2026-08-21T15:08:07.782124+00:00", "source": "mission_control_server", "event": "http_request", "method": "GET", "path": "/api/montecarlo-status", "duration_ms": 0.26, "running": true, "preparing": false, "progress_pct": 20.8, "payload_present": false, "leader": "Ventana conservadora"}
{"ts": "2026-08-21T15:08:08.183740+00:00", "source": "mission_control_server", "event": "http_request", "method": "GET", "path": "/api/montecarlo-status", "duration_ms": 0.54, "running": true, "preparing": false, "progress_pct": 21.6, "payload_present": false, "leader": "Ventana conservadora"}
{"ts": "2026-08-21T15:08:08.581900+00:00", "source": "mission_control_server", "event": "http_request", "method": "GET", "path": "/api/montecarlo-status", "duration_ms": 0.27, "running": true, "preparing": false, "progress_pct": 22.8, "payload_present": false, "leader": "Ventana conservadora"}
